== CINE setup start 2026-09-26T16:28:27Z
Hit:1 https://download.docker.com/linux/ubuntu noble InRelease
Hit:2 http://security.ubuntu.com/ubuntu noble-security InRelease
Hit:3 http://archive.ubuntu.com/ubuntu noble InRelease
Hit:4 http://archive.ubuntu.com/ubuntu noble-updates InRelease
Hit:5 http://archive.ubuntu.com/ubuntu noble-backports InRelease
Hit:6 https://ppa.launchpadcontent.net/deadsnakes/ppa/ubuntu noble InRelease
Hit:7 https://ppa.launchpadcontent.net/ondrej/php/ubuntu noble InRelease
Reading package lists...
Reading package lists...
Building dependency tree...OK_PW

Reading state information...
software-properties-common is already the newest version (0.99.49.4).
ffmpeg is already the newest version (7:6.1.1-3ubuntu5).
sox is already the newest version (14.4.2+git20190427-4build4).
mediainfo is already the newest version (24.01.1-1build2).
fonts-noto-core is already the newest version (20201225-2).
fonts-liberation2 is already the newest version (1:2.1.5-3).
libgl1 is already the newest version (1.7.0-1build1).
libegl1 is already the newest version (1.7.0-1build1).
libxi6 is already the newest version (2:1.8.1-1build1).
libxkbcommon0 is already the newest version (1.6.0-1build1).
libsm6 is already the newest version (2:1.2.3-1build3).
libxrender1 is already the newest version (1:0.9.10-1.1build1).
libxxf86vm1 is already the newest version (1:1.1.4-1build4).
libxfixes3 is already the newest version (1:6.0.0-2build1).
0 upgraded, 0 newly installed, 0 to remove and 234 not upgraded.
OK_APT
OK_PY

[notice] A new release of pip is available: 25.3 -> 26.2.1
[notice] To update, run: /opt/bpy/bin/python3.13 -m pip install --upgrade pip
OK_BPY
== RESULT apt=0 py=0 playwright=0 bpy=0 (0 = OK)
== CINE setup end 2026-09-26T16:28:33Z

real	0m5.968s
user	0m9.658s
sys	0m1.987s
