/home/user/cine-lab/reports/m0/bench/scene_bpy.py:31: DeprecationWarning: 'Material.use_nodes' is expected to be removed in Blender 6.0
  m = bpy.data.materials.new(h + str(emit)); m.use_nodes = True
/home/user/cine-lab/reports/m0/bench/scene_bpy.py:87: DeprecationWarning: 'World.use_nodes' is expected to be removed in Blender 6.0
  w = bpy.data.worlds.new('w'); sc.world = w; w.use_nodes = True
EGL Error (0x3009): EGL_BAD_MATCH: Arguments are inconsistent (for example, a valid context requires buffers not supplied by a valid surface).
EGL Error (0x3009): EGL_BAD_MATCH: Arguments are inconsistent (for example, a valid context requires buffers not supplied by a valid surface).
EGL Error (0x3009): EGL_BAD_MATCH: Arguments are inconsistent (for example, a valid context requires buffers not supplied by a valid surface).
00:07.397  render           | Saved: 'frames/wb8/f0096.png'
00:10.341  render           | Saved: 'frames/wb8/f0096.png'
00:14.385  render           | Saved: 'frames/wb8/f0096.png'
00:17.123  render           | Saved: 'frames/wb8/f0096.png'
00:20.655  render           | Saved: 'frames/wb8/f0096.png'
00:23.083  render           | Saved: 'frames/wb8/f0096.png'
00:25.537  render           | Saved: 'frames/wb8/f0096.png'
00:27.989  render           | Saved: 'frames/wb8/f0096.png'
frame 96 24.29s
00:31.314  render           | Saved: 'frames/wb8/f0097.png'
00:34.636  render           | Saved: 'frames/wb8/f0097.png'
00:36.974  render           | Saved: 'frames/wb8/f0097.png'
00:40.245  render           | Saved: 'frames/wb8/f0097.png'
00:42.729  render           | Saved: 'frames/wb8/f0097.png'
00:45.613  render           | Saved: 'frames/wb8/f0097.png'
00:48.370  render           | Saved: 'frames/wb8/f0097.png'
00:51.102  render           | Saved: 'frames/wb8/f0097.png'
frame 97 22.69s
00:53.933  render           | Saved: 'frames/wb8/f0098.png'
00:56.324  render           | Saved: 'frames/wb8/f0098.png'
00:58.605  render           | Saved: 'frames/wb8/f0098.png'
01:01.586  render           | Saved: 'frames/wb8/f0098.png'
01:03.848  render           | Saved: 'frames/wb8/f0098.png'
01:06.236  render           | Saved: 'frames/wb8/f0098.png'
01:08.542  render           | Saved: 'frames/wb8/f0098.png'
01:10.860  render           | Saved: 'frames/wb8/f0098.png'
frame 98 19.99s
01:14.022  render           | Saved: 'frames/wb8/f0099.png'
01:16.372  render           | Saved: 'frames/wb8/f0099.png'
01:18.805  render           | Saved: 'frames/wb8/f0099.png'
01:21.539  render           | Saved: 'frames/wb8/f0099.png'
01:23.829  render           | Saved: 'frames/wb8/f0099.png'
01:26.981  render           | Saved: 'frames/wb8/f0099.png'
01:29.450  render           | Saved: 'frames/wb8/f0099.png'
01:31.751  render           | Saved: 'frames/wb8/f0099.png'
frame 99 21.02s
01:34.997  render           | Saved: 'frames/wb8/f0100.png'
01:37.259  render           | Saved: 'frames/wb8/f0100.png'
01:39.563  render           | Saved: 'frames/wb8/f0100.png'
01:41.903  render           | Saved: 'frames/wb8/f0100.png'
01:44.272  render           | Saved: 'frames/wb8/f0100.png'
01:46.548  render           | Saved: 'frames/wb8/f0100.png'
01:48.886  render           | Saved: 'frames/wb8/f0100.png'
01:51.310  render           | Saved: 'frames/wb8/f0100.png'
frame 100 19.25s
01:54.206  render           | Saved: 'frames/wb8/f0101.png'
01:56.479  render           | Saved: 'frames/wb8/f0101.png'
01:58.801  render           | Saved: 'frames/wb8/f0101.png'
02:01.219  render           | Saved: 'frames/wb8/f0101.png'
02:03.579  render           | Saved: 'frames/wb8/f0101.png'
02:05.895  render           | Saved: 'frames/wb8/f0101.png'
02:08.245  render           | Saved: 'frames/wb8/f0101.png'
02:10.565  render           | Saved: 'frames/wb8/f0101.png'
frame 101 19.22s
02:13.515  render           | Saved: 'frames/wb8/f0102.png'
02:15.815  render           | Saved: 'frames/wb8/f0102.png'
02:18.190  render           | Saved: 'frames/wb8/f0102.png'
02:20.547  render           | Saved: 'frames/wb8/f0102.png'
02:22.920  render           | Saved: 'frames/wb8/f0102.png'
02:25.170  render           | Saved: 'frames/wb8/f0102.png'
02:27.553  render           | Saved: 'frames/wb8/f0102.png'
02:29.879  render           | Saved: 'frames/wb8/f0102.png'
frame 102 19.43s
02:32.898  render           | Saved: 'frames/wb8/f0103.png'
02:35.209  render           | Saved: 'frames/wb8/f0103.png'
02:37.601  render           | Saved: 'frames/wb8/f0103.png'
02:39.851  render           | Saved: 'frames/wb8/f0103.png'
02:42.121  render           | Saved: 'frames/wb8/f0103.png'
02:44.422  render           | Saved: 'frames/wb8/f0103.png'
02:46.583  render           | Saved: 'frames/wb8/f0103.png'
02:48.897  render           | Saved: 'frames/wb8/f0103.png'
frame 103 18.96s
02:51.857  render           | Saved: 'frames/wb8/f0104.png'
02:54.121  render           | Saved: 'frames/wb8/f0104.png'
02:56.546  render           | Saved: 'frames/wb8/f0104.png'
02:58.775  render           | Saved: 'frames/wb8/f0104.png'
03:01.031  render           | Saved: 'frames/wb8/f0104.png'
03:03.335  render           | Saved: 'frames/wb8/f0104.png'
03:05.663  render           | Saved: 'frames/wb8/f0104.png'
03:07.946  render           | Saved: 'frames/wb8/f0104.png'
frame 104 18.95s
03:10.771  render           | Saved: 'frames/wb8/f0105.png'
03:13.225  render           | Saved: 'frames/wb8/f0105.png'
03:15.633  render           | Saved: 'frames/wb8/f0105.png'
03:17.999  render           | Saved: 'frames/wb8/f0105.png'
03:20.427  render           | Saved: 'frames/wb8/f0105.png'
03:22.718  render           | Saved: 'frames/wb8/f0105.png'
03:25.028  render           | Saved: 'frames/wb8/f0105.png'
03:27.432  render           | Saved: 'frames/wb8/f0105.png'
frame 105 19.53s
03:30.363  render           | Saved: 'frames/wb8/f0106.png'
03:32.600  render           | Saved: 'frames/wb8/f0106.png'
03:34.919  render           | Saved: 'frames/wb8/f0106.png'
03:37.222  render           | Saved: 'frames/wb8/f0106.png'
03:39.567  render           | Saved: 'frames/wb8/f0106.png'
03:41.940  render           | Saved: 'frames/wb8/f0106.png'
03:44.343  render           | Saved: 'frames/wb8/f0106.png'
03:46.720  render           | Saved: 'frames/wb8/f0106.png'
frame 106 19.31s
03:49.611  render           | Saved: 'frames/wb8/f0107.png'
03:51.925  render           | Saved: 'frames/wb8/f0107.png'
03:54.260  render           | Saved: 'frames/wb8/f0107.png'
03:56.537  render           | Saved: 'frames/wb8/f0107.png'
03:58.844  render           | Saved: 'frames/wb8/f0107.png'
04:01.140  render           | Saved: 'frames/wb8/f0107.png'
04:03.365  render           | Saved: 'frames/wb8/f0107.png'
04:05.611  render           | Saved: 'frames/wb8/f0107.png'
frame 107 18.89s
04:08.537  render           | Saved: 'frames/wb8/f0108.png'
04:10.739  render           | Saved: 'frames/wb8/f0108.png'
04:13.226  render           | Saved: 'frames/wb8/f0108.png'
04:15.523  render           | Saved: 'frames/wb8/f0108.png'
04:17.791  render           | Saved: 'frames/wb8/f0108.png'
04:20.282  render           | Saved: 'frames/wb8/f0108.png'
04:22.605  render           | Saved: 'frames/wb8/f0108.png'
04:24.883  render           | Saved: 'frames/wb8/f0108.png'
frame 108 19.24s
04:27.959  render           | Saved: 'frames/wb8/f0109.png'
04:30.243  render           | Saved: 'frames/wb8/f0109.png'
04:32.562  render           | Saved: 'frames/wb8/f0109.png'
04:34.904  render           | Saved: 'frames/wb8/f0109.png'
04:37.413  render           | Saved: 'frames/wb8/f0109.png'
04:39.795  render           | Saved: 'frames/wb8/f0109.png'
04:42.156  render           | Saved: 'frames/wb8/f0109.png'
04:44.553  render           | Saved: 'frames/wb8/f0109.png'
frame 109 19.67s
04:47.513  render           | Saved: 'frames/wb8/f0110.png'
04:49.876  render           | Saved: 'frames/wb8/f0110.png'
04:52.168  render           | Saved: 'frames/wb8/f0110.png'
04:54.518  render           | Saved: 'frames/wb8/f0110.png'
04:56.886  render           | Saved: 'frames/wb8/f0110.png'
04:59.272  render           | Saved: 'frames/wb8/f0110.png'
05:01.694  render           | Saved: 'frames/wb8/f0110.png'
05:04.052  render           | Saved: 'frames/wb8/f0110.png'
frame 110 19.48s
05:06.988  render           | Saved: 'frames/wb8/f0111.png'
05:09.419  render           | Saved: 'frames/wb8/f0111.png'
05:11.852  render           | Saved: 'frames/wb8/f0111.png'
05:14.239  render           | Saved: 'frames/wb8/f0111.png'
05:16.598  render           | Saved: 'frames/wb8/f0111.png'
05:19.008  render           | Saved: 'frames/wb8/f0111.png'
05:21.305  render           | Saved: 'frames/wb8/f0111.png'
05:23.632  render           | Saved: 'frames/wb8/f0111.png'
frame 111 19.58s
05:26.475  render           | Saved: 'frames/wb8/f0112.png'
05:28.777  render           | Saved: 'frames/wb8/f0112.png'
05:31.128  render           | Saved: 'frames/wb8/f0112.png'
05:33.407  render           | Saved: 'frames/wb8/f0112.png'
05:35.752  render           | Saved: 'frames/wb8/f0112.png'
05:38.054  render           | Saved: 'frames/wb8/f0112.png'
05:40.400  render           | Saved: 'frames/wb8/f0112.png'
05:42.880  render           | Saved: 'frames/wb8/f0112.png'
frame 112 19.25s
05:45.817  render           | Saved: 'frames/wb8/f0113.png'
05:48.184  render           | Saved: 'frames/wb8/f0113.png'
05:50.527  render           | Saved: 'frames/wb8/f0113.png'
05:53.024  render           | Saved: 'frames/wb8/f0113.png'
05:55.413  render           | Saved: 'frames/wb8/f0113.png'
05:57.916  render           | Saved: 'frames/wb8/f0113.png'
06:00.292  render           | Saved: 'frames/wb8/f0113.png'
06:02.580  render           | Saved: 'frames/wb8/f0113.png'
frame 113 19.71s
06:05.439  render           | Saved: 'frames/wb8/f0114.png'
06:07.824  render           | Saved: 'frames/wb8/f0114.png'
06:10.262  render           | Saved: 'frames/wb8/f0114.png'
06:12.753  render           | Saved: 'frames/wb8/f0114.png'
06:15.159  render           | Saved: 'frames/wb8/f0114.png'
06:17.691  render           | Saved: 'frames/wb8/f0114.png'
06:20.035  render           | Saved: 'frames/wb8/f0114.png'
06:22.363  render           | Saved: 'frames/wb8/f0114.png'
frame 114 19.79s
06:25.202  render           | Saved: 'frames/wb8/f0115.png'
06:27.571  render           | Saved: 'frames/wb8/f0115.png'
06:30.063  render           | Saved: 'frames/wb8/f0115.png'
06:32.532  render           | Saved: 'frames/wb8/f0115.png'
06:34.947  render           | Saved: 'frames/wb8/f0115.png'
06:37.691  render           | Saved: 'frames/wb8/f0115.png'
06:40.483  render           | Saved: 'frames/wb8/f0115.png'
06:43.088  render           | Saved: 'frames/wb8/f0115.png'
frame 115 20.78s
06:46.268  render           | Saved: 'frames/wb8/f0116.png'
06:48.703  render           | Saved: 'frames/wb8/f0116.png'
06:51.329  render           | Saved: 'frames/wb8/f0116.png'
06:53.714  render           | Saved: 'frames/wb8/f0116.png'
06:56.077  render           | Saved: 'frames/wb8/f0116.png'
06:58.602  render           | Saved: 'frames/wb8/f0116.png'
07:00.989  render           | Saved: 'frames/wb8/f0116.png'
07:03.347  render           | Saved: 'frames/wb8/f0116.png'
frame 116 20.18s
07:06.224  render           | Saved: 'frames/wb8/f0117.png'
07:08.527  render           | Saved: 'frames/wb8/f0117.png'
07:10.777  render           | Saved: 'frames/wb8/f0117.png'
07:13.168  render           | Saved: 'frames/wb8/f0117.png'
07:15.462  render           | Saved: 'frames/wb8/f0117.png'
07:17.808  render           | Saved: 'frames/wb8/f0117.png'
07:20.167  render           | Saved: 'frames/wb8/f0117.png'
07:22.509  render           | Saved: 'frames/wb8/f0117.png'
frame 117 19.16s
07:25.444  render           | Saved: 'frames/wb8/f0118.png'
07:28.052  render           | Saved: 'frames/wb8/f0118.png'
07:30.434  render           | Saved: 'frames/wb8/f0118.png'
07:32.780  render           | Saved: 'frames/wb8/f0118.png'
07:35.342  render           | Saved: 'frames/wb8/f0118.png'
07:38.133  render           | Saved: 'frames/wb8/f0118.png'
07:40.582  render           | Saved: 'frames/wb8/f0118.png'
07:42.950  render           | Saved: 'frames/wb8/f0118.png'
frame 118 20.52s
07:45.939  render           | Saved: 'frames/wb8/f0119.png'
07:48.472  render           | Saved: 'frames/wb8/f0119.png'
07:50.826  render           | Saved: 'frames/wb8/f0119.png'
07:53.248  render           | Saved: 'frames/wb8/f0119.png'
07:55.620  render           | Saved: 'frames/wb8/f0119.png'
07:58.113  render           | Saved: 'frames/wb8/f0119.png'
08:00.491  render           | Saved: 'frames/wb8/f0119.png'
08:02.854  render           | Saved: 'frames/wb8/f0119.png'
frame 119 19.87s
{"engine": "WORKBENCH", "mb_samples": 8, "frames": 24, "setup_s": 4.836656093597412, "render_s": 478.7516083717346, "mean_s_per_frame": 19.94798368215561, "max_s_per_frame": 24.288621187210083, "wall_s": 483.5906889438629, "res_percent": 100, "render_s_per_film_s": 483.5906889438629}
{"cmd": "/opt/bpy/bin/python scene_bpy.py --engine WORKBENCH --start 96 --end 120 --mb 8 --outdir frames/wb8 --json ../raw/bench-c-wb-mb8.json", "exit": 0, "wall_s": 484.56, "peak_rss_mb": 1229.5}
