/home/user/cine-lab/reports/m0/bench/scene_bpy.py:31: DeprecationWarning: 'Material.use_nodes' is expected to be removed in Blender 6.0
  m = bpy.data.materials.new(h + str(emit)); m.use_nodes = True
/home/user/cine-lab/reports/m0/bench/scene_bpy.py:87: DeprecationWarning: 'World.use_nodes' is expected to be removed in Blender 6.0
  w = bpy.data.worlds.new('w'); sc.world = w; w.use_nodes = True
EGL Error (0x3009): EGL_BAD_MATCH: Arguments are inconsistent (for example, a valid context requires buffers not supplied by a valid surface).
EGL Error (0x3009): EGL_BAD_MATCH: Arguments are inconsistent (for example, a valid context requires buffers not supplied by a valid surface).
EGL Error (0x3009): EGL_BAD_MATCH: Arguments are inconsistent (for example, a valid context requires buffers not supplied by a valid surface).
00:22.561  render           | Saved: 'frames/ee8/f0096.png'
frame 96 16.90s
00:37.892  render           | Saved: 'frames/ee8/f0097.png'
frame 97 15.33s
00:52.675  render           | Saved: 'frames/ee8/f0098.png'
frame 98 14.79s
01:07.297  render           | Saved: 'frames/ee8/f0099.png'
frame 99 14.62s
01:21.774  render           | Saved: 'frames/ee8/f0100.png'
frame 100 14.48s
01:36.499  render           | Saved: 'frames/ee8/f0101.png'
frame 101 14.73s
{"engine": "EEVEE", "mb_samples": 8, "frames": 6, "setup_s": 5.218899965286255, "render_s": 90.84235906600952, "mean_s_per_frame": 15.140393177668253, "max_s_per_frame": 16.901012182235718, "wall_s": 96.06181526184082, "res_percent": 100, "render_s_per_film_s": 384.2472610473633}
{"cmd": "/opt/bpy/bin/python scene_bpy.py --engine EEVEE --start 96 --end 102 --mb 8 --outdir frames/ee8 --json ../raw/bench-c-ee-mb8.json", "exit": 0, "wall_s": 97.15, "peak_rss_mb": 2022.1}
